// Jest Snapshot v1, https://goo.gl/fbAQLP

exports[`withInputLogin is rendered correctly 1`] = `
<div
  authDataHasError={false}
  clearError={[Function]}
  email=""
  onFocusClearError={[Function]}
  onInputChange={[Function]}
  onSubmit={[Function]}
  password=""
  sendAuthData={[Function]}
/>
`;
