// Jest Snapshot v1, https://goo.gl/fbAQLP

exports[`NearPlaces is rendered correctly Render NearPlaces with data 1`] = `
<div
  className="container"
>
  <section
    className="near-places places"
  >
    <h2
      className="near-places__title"
    >
      Other places in the neighbourhood
    </h2>
    <div
      className="near-places__list places__list"
    >
      <article
        className="place-card near-places__place-card"
        onMouseOut={[Function]}
        onMouseOver={[Function]}
      >
        <div
          className="near-places__image-wrapper place-card__image-wrapper"
        >
          <a
            href="/offer/1"
            onClick={[Function]}
          >
            <img
              alt="Place image"
              className="place-card__image"
              height="200"
              src="https://assets.htmlacademy.ru/intensives/javascript-3/hotel/16.jpg"
              width="260"
            />
          </a>
        </div>
        <div
          className=" place-card__info"
        >
          <div
            className="place-card__price-wrapper"
          >
            <div
              className="place-card__price"
            >
              <b
                className="place-card__price-value"
              >
                €
                298
              </b>
              <span
                className="place-card__price-text"
              >
                / night
              </span>
            </div>
            <button
              className="place-card__bookmark-button button "
              type="button"
            >
              <svg
                className="place-card__bookmark-icon"
                height="19"
                width="18"
              >
                <use
                  xlinkHref="#icon-bookmark"
                />
              </svg>
              <span
                className="visually-hidden"
              >
                To bookmarks
              </span>
            </button>
          </div>
          <div
            className="place-card__rating rating"
          >
            <div
              className="place-card__stars rating__stars"
            >
              <span
                style={
                  Object {
                    "width": "94%",
                  }
                }
              />
              <span
                className="visually-hidden"
              >
                Rating
              </span>
            </div>
          </div>
          <h2
            className="place-card__name"
          >
            <a
              href="/offer/1"
              onClick={[Function]}
            >
              Canal View Prinsengracht
            </a>
          </h2>
          <p
            className="place-card__type"
          >
            Room
          </p>
        </div>
      </article>
      <article
        className="place-card near-places__place-card"
        onMouseOut={[Function]}
        onMouseOver={[Function]}
      >
        <div
          className="place-card__mark"
        >
          <span>
            Premium
          </span>
        </div>
        <div
          className="near-places__image-wrapper place-card__image-wrapper"
        >
          <a
            href="/offer/2"
            onClick={[Function]}
          >
            <img
              alt="Place image"
              className="place-card__image"
              height="200"
              src="https://assets.htmlacademy.ru/intensives/javascript-3/hotel/16.jpg"
              width="260"
            />
          </a>
        </div>
        <div
          className=" place-card__info"
        >
          <div
            className="place-card__price-wrapper"
          >
            <div
              className="place-card__price"
            >
              <b
                className="place-card__price-value"
              >
                €
                2298
              </b>
              <span
                className="place-card__price-text"
              >
                / night
              </span>
            </div>
            <button
              className="place-card__bookmark-button button place-card__bookmark-button--active"
              type="button"
            >
              <svg
                className="place-card__bookmark-icon"
                height="19"
                width="18"
              >
                <use
                  xlinkHref="#icon-bookmark"
                />
              </svg>
              <span
                className="visually-hidden"
              >
                To bookmarks
              </span>
            </button>
          </div>
          <div
            className="place-card__rating rating"
          >
            <div
              className="place-card__stars rating__stars"
            >
              <span
                style={
                  Object {
                    "width": "80%",
                  }
                }
              />
              <span
                className="visually-hidden"
              >
                Rating
              </span>
            </div>
          </div>
          <h2
            className="place-card__name"
          >
            <a
              href="/offer/2"
              onClick={[Function]}
            >
              Canal View Prinsengracht
            </a>
          </h2>
          <p
            className="place-card__type"
          >
            Room
          </p>
        </div>
      </article>
      <article
        className="place-card near-places__place-card"
        onMouseOut={[Function]}
        onMouseOver={[Function]}
      >
        <div
          className="near-places__image-wrapper place-card__image-wrapper"
        >
          <a
            href="/offer/3"
            onClick={[Function]}
          >
            <img
              alt="Place image"
              className="place-card__image"
              height="200"
              src="https://assets.htmlacademy.ru/intensives/javascript-3/hotel/16.jpg"
              width="260"
            />
          </a>
        </div>
        <div
          className=" place-card__info"
        >
          <div
            className="place-card__price-wrapper"
          >
            <div
              className="place-card__price"
            >
              <b
                className="place-card__price-value"
              >
                €
                350
              </b>
              <span
                className="place-card__price-text"
              >
                / night
              </span>
            </div>
            <button
              className="place-card__bookmark-button button place-card__bookmark-button--active"
              type="button"
            >
              <svg
                className="place-card__bookmark-icon"
                height="19"
                width="18"
              >
                <use
                  xlinkHref="#icon-bookmark"
                />
              </svg>
              <span
                className="visually-hidden"
              >
                To bookmarks
              </span>
            </button>
          </div>
          <div
            className="place-card__rating rating"
          >
            <div
              className="place-card__stars rating__stars"
            >
              <span
                style={
                  Object {
                    "width": "84%",
                  }
                }
              />
              <span
                className="visually-hidden"
              >
                Rating
              </span>
            </div>
          </div>
          <h2
            className="place-card__name"
          >
            <a
              href="/offer/3"
              onClick={[Function]}
            >
              Canal View Prinsengracht
            </a>
          </h2>
          <p
            className="place-card__type"
          >
            Room
          </p>
        </div>
      </article>
    </div>
  </section>
</div>
`;

exports[`NearPlaces is rendered correctly Render NearPlaces without data 1`] = `
<div
  className="container"
>
  <section
    className="near-places places"
  >
    <h2
      className="near-places__title"
    >
      There are no other places in the neighborhood
    </h2>
    <div
      className="near-places__list places__list"
    />
  </section>
</div>
`;
