// Jest Snapshot v1, https://goo.gl/fbAQLP

exports[`InsideList is rendered correctly InsideList is rendered correctly 1`] = `
<div
  className="property__inside"
>
  <h2
    className="property__inside-title"
  >
    What's inside
  </h2>
  <ul
    className="property__inside-list"
  >
    <li
      className="property__inside-item"
    >
      A
    </li>
    <li
      className="property__inside-item"
    >
      B
    </li>
    <li
      className="property__inside-item"
    >
      C
    </li>
  </ul>
</div>
`;
